SELECT first_name, age , country
FROM Customers Where age>30;



DELETE first_name, age , country
FROM Customers Where age>30;




SELECT first_name, age , country
FROM Customers WHERE country="UK";




INSERT INTO (first_name, age , country)
FROM Customers WHERE country="UK";






Microsoft Windows [Version 10.0.26200.7623]
(c) Microsoft Corporation. All rights reserved.

C:\Users\sahil>cd ..

C:\Users>cd ..

C:\>cd xampp

C:\xampp>cd mysql

C:\xampp\mysql>cd bin

C:\xampp\mysql\bin>mysql -u root -p
Enter password:
Welcome to the MariaDB monitor.  Commands end with ; or \g.
Your MariaDB connection id is 8
Server version: 10.4.32-MariaDB mariadb.org binary distribution

Copyright (c) 2000, 2018, Oracle, MariaDB Corporation Ab and others.

Type 'help;' or '\h' for help. Type '\c' to clear the current input statement.

MariaDB [(none)]>
MariaDB [(none)]> show databases
    -> ;
+--------------------+
| Database           |
+--------------------+
| information_schema |
| mysql              |
| performance_schema |
| phpmyadmin         |
| school             |
| test               |
+--------------------+
6 rows in set (0.067 sec)

MariaDB [(none)]> use school
Database changed
MariaDB [school]> DROP TABLE staff;
ERROR 1051 (42S02): Unknown table 'school.staff'
MariaDB [school]> show tables
    -> ;
+------------------+
| Tables_in_school |
+------------------+
| employees        |
+------------------+
1 row in set (0.001 sec)

MariaDB [school]> DROP TABLE employees
    -> ;
Query OK, 0 rows affected (0.013 sec)

MariaDB [school]> CREATE TABLE product(p_details VARCHAR(20),p_reviev VARCHAR(20));
Query OK, 0 rows affected (0.025 sec)

MariaDB [school]> ALTER TABLE product ADD p_price INTEGER;
Query OK, 0 rows affected (0.014 sec)
Records: 0  Duplicates: 0  Warnings: 0

MariaDB [school]> ALTER TABLE product MODIFY DATATYPE p_price VARCHAR(20);
ERROR 1064 (42000): You have an error in your SQL syntax; check the manual that corresponds to your MariaDB server version for the right syntax to use near 'VARCHAR(20)' at line 1
MariaDB [school]> ALTER TABLE product MODIFY p_price VARCHAR(20);
Query OK, 0 rows affected (0.068 sec)
Records: 0  Duplicates: 0  Warnings: 0

MariaDB [school]> ALTER TABLE product DROP p_price;
Query OK, 0 rows affected (0.011 sec)
Records: 0  Duplicates: 0  Warnings: 0

MariaDB [school]> ALTER TABLE product CHANGE product items VARCHAR(20);
ERROR 1054 (42S22): Unknown column 'product' in 'product'
MariaDB [school]> CHANGE product items VARCHAR(20);
ERROR 1064 (42000): You have an error in your SQL syntax; check the manual that corresponds to your MariaDB server version for the right syntax to use near 'product items VARCHAR(20)' at line 1
MariaDB [school]> ALTER TABLE product RENAME TO items VARCHAR(20);
ERROR 1064 (42000): You have an error in your SQL syntax; check the manual that corresponds to your MariaDB server version for the right syntax to use near 'VARCHAR(20)' at line 1
MariaDB [school]> ALTER TABLE product RENAME TO items;
Query OK, 0 rows affected (0.018 sec)

MariaDB [school]> CREATE TABLE order(c_oders , c_products);
ERROR 1064 (42000): You have an error in your SQL syntax; check the manual that corresponds to your MariaDB server version for the right syntax to use near 'order(c_oders , c_products)' at line 1
MariaDB [school]> CREATE TABLE order(c_orders INTEGER, c_product VARCHAR(20));
ERROR 1064 (42000): You have an error in your SQL syntax; check the manual that corresponds to your MariaDB server version for the right syntax to use near 'order(c_orders INTEGER, c_product VARCHAR(20))' at line 1
MariaDB [school]>  CREATE TABLE oders(c_oders INTEGER,c_reviev VARCHAR(20));
Query OK, 0 rows affected (0.018 sec)

MariaDB [school]> ALTER TABLE oders CHANGE c_oders customers_oders INTEGER;
Query OK, 0 rows affected (0.061 sec)
Records: 0  Duplicates: 0  Warnings: 0

MariaDB [school]> DROP DATABASE oders
    -> ;
ERROR 1008 (HY000): Can't drop database 'oders'; database doesn't exist
MariaDB [school]> DROP DATABASE school;
Query OK, 2 rows affected (0.029 sec)

MariaDB [(none)]>



Microsoft Windows [Version 10.0.26200.7623]
(c) Microsoft Corporation. All rights reserved.

C:\Users\sahil>cd ..

C:\Users>cd ..

C:\>cd xampp

C:\xampp>cd mysql

C:\xampp\mysql>cd bin

C:\xampp\mysql\bin>mysql -u root -p;
ERROR 1045 (28000): Access denied for user 'root'@'localhost' (using password: YES)

C:\xampp\mysql\bin>mysql -u root -p
Enter password:
Welcome to the MariaDB monitor.  Commands end with ; or \g.
Your MariaDB connection id is 148
Server version: 10.4.32-MariaDB mariadb.org binary distribution

Copyright (c) 2000, 2018, Oracle, MariaDB Corporation Ab and others.

Type 'help;' or '\h' for help. Type '\c' to clear the current input statement.

MariaDB [(none)]>
MariaDB [(none)]> CREATE DATABASE school;
Query OK, 1 row affected (0.002 sec)

MariaDB [(none)]> USE school
Database changed
MariaDB [school]> CREATE TABLE library (Harry_Potter INTEGER,Auto_Biography VARCHAR(20),Child_Books INTEGER);
Query OK, 0 rows affected (0.056 sec)

MariaDB [school]> ALTER TABLE library RENAME TO books_library;
Query OK, 0 rows affected (0.030 sec)

MariaDB [school]> ALTER TABLE books_library ADD(Biography VARCHAR(20),Movie_Books INTEGER);
Query OK, 0 rows affected (0.027 sec)
Records: 0  Duplicates: 0  Warnings: 0

MariaDB [school]> ALTER TABLE books_library CHANGE Child_Books Adult_Books VARCHAR(20);
Query OK, 0 rows affected (0.061 sec)
Records: 0  Duplicates: 0  Warnings: 0

MariaDB [school]> ALTER TABLE books_library MODIFY Adult_books INTEGER;
Query OK, 0 rows affected (0.053 sec)
Records: 0  Duplicates: 0  Warnings: 0

MariaDB [school]> ALTER TABLE books_library DROP Adult_books;
Query OK, 0 rows affected (0.017 sec)
Records: 0  Duplicates: 0  Warnings: 0

MariaDB [school]> ALTER TABLE books_library DROP Biography;
Query OK, 0 rows affected (0.016 sec)
Records: 0  Duplicates: 0  Warnings: 0

MariaDB [school]> ALTER TABLE books_library ADD New_books INTEGER;
Query OK, 0 rows affected (0.017 sec)
Records: 0  Duplicates: 0  Warnings: 0

MariaDB [school]> ALTER TABLE books_library DROP NEW_books;
Query OK, 0 rows affected (0.016 sec)
Records: 0  Duplicates: 0  Warnings: 0

MariaDB [school]> ALTER TABLE books_library INSERT(1,MY NAME IS SAHIL AGRAWAL.,55);
ERROR 1064 (42000): You have an error in your SQL syntax; check the manual that corresponds to your MariaDB server version for the right syntax to use near 'INSERT(1,MY NAME IS SAHIL AGRAWAL.,55)' at line 1
MariaDB [school]> INSERT(1,MY NAME IS SAHIL AGRAWAL.,55);
ERROR 1064 (42000): You have an error in your SQL syntax; check the manual that corresponds to your MariaDB server version for the right syntax to use near '(1,MY NAME IS SAHIL AGRAWAL.,55)' at line 1
MariaDB [school]> ALTER TABLE books_library RENAME TO library;
Query OK, 0 rows affected (0.017 sec)

MariaDB [school]> DROP TABLE library;
Query OK, 0 rows affected (0.017 sec)

MariaDB [school]> CREATE TABLE temprory_data(Harry_potter INTEGER,Auto_Biography VARCHAR(20));
Query OK, 0 rows affected (0.058 sec)

MariaDB [school]> DROP TABLE temprory_data;
Query OK, 0 rows affected (0.024 sec)

MariaDB [school]> DROP DATABASE school;
Query OK, 0 rows affected (0.003 sec)






Integer Number datatype : 

INTEGER
BIG INT
SMALLINT
MEDIUMINT


point , float, decimal data type:

FLOAT - 
DECIMAL(10,5) - 


Character data type : 
VARCHAR(20) - 
TEXT
CHAR(3) : NP, US, UK


Date , time : 

DATE : 2026-01-23

TIME : 18:40:33

DATETIME :

TIMESTAMP - current date time





















Microsoft Windows [Version 10.0.26200.7623]
(c) Microsoft Corporation. All rights reserved.

C:\Users\sahil>cd ..

C:\Users>cd ..

C:\>cd xampp/mysql/bin

C:\xampp\mysql\bin>mysql -u root -p
Enter password:
Welcome to the MariaDB monitor.  Commands end with ; or \g.
Your MariaDB connection id is 8
Server version: 10.4.32-MariaDB mariadb.org binary distribution

Copyright (c) 2000, 2018, Oracle, MariaDB Corporation Ab and others.

Type 'help;' or '\h' for help. Type '\c' to clear the current input statement.

MariaDB [(none)]> show databases
    -> ;
+--------------------+
| Database           |
+--------------------+
| datatype           |
| information_schema |
| mysql              |
| performance_schema |
| phpmyadmin         |
| test               |
+--------------------+
6 rows in set (0.004 sec)

MariaDB [(none)]> DROP DATABASE datatype
    -> ;
Query OK, 4 rows affected (0.077 sec)

MariaDB [(none)]> CREATE DATABASE datatype
    -> ;
Query OK, 1 row affected (0.003 sec)

MariaDB [(none)]> USE datatype
Database changed
MariaDB [datatype]> CREATE TABLE integer_type(Telephone_Number INTEGER,Symbol_Number BIG INTEGER,Roll_Number SMALL INTEGER,House_Number MEDIUM INTEGER);
ERROR 1064 (42000): You have an error in your SQL syntax; check the manual that corresponds to your MariaDB server version for the right syntax to use near 'INTEGER,Roll_Number SMALL INTEGER,House_Number MEDIUM INTEGER)' at line 1
MariaDB [datatype]> CREATE TABLE integer_type(Telephone_Number INTEGER,Symbol_Number BIGINTEGER,Roll_Number SMALLINTEGER,House_Number MEDIUMINTEGER);
ERROR 1064 (42000): You have an error in your SQL syntax; check the manual that corresponds to your MariaDB server version for the right syntax to use near 'Roll_Number SMALLINTEGER,House_Number MEDIUMINTEGER)' at line 1
MariaDB [datatype]> CREATE TABLE integer_type(Telephone_Number INTEGER,Symbol_Number BIGINTEGER,Roll_Number SMALLINTEGER,House_Number MEDIUMINTEGER);
ERROR 1064 (42000): You have an error in your SQL syntax; check the manual that corresponds to your MariaDB server version for the right syntax to use near 'Roll_Number SMALLINTEGER,House_Number MEDIUMINTEGER)' at line 1
MariaDB [datatype]> CREATE TABLE point_type(Big_G FLOAT,Samll_G DECIMAL(10,2));
Query OK, 0 rows affected (0.026 sec)

MariaDB [datatype]> INSERT INTO point_type(Big_G,Small_G) VALUES(6.67*10^-11,9.8);4
ERROR 1054 (42S22): Unknown column 'Small_G' in 'field list'
    -> INSERT INTO point_type(Big_G,Small_G) VALUES(6.67*10^-11,9.8);
ERROR 1064 (42000): You have an error in your SQL syntax; check the manual that corresponds to your MariaDB server version for the right syntax to use near '4
INSERT INTO point_type(Big_G,Small_G) VALUES(6.67*10^-11,9.8)' at line 1
MariaDB [datatype]> INSERT INTO point_type(Big_G,Small_G) VALUES(6.67*10^-11,9.8);
ERROR 1054 (42S22): Unknown column 'Small_G' in 'field list'
MariaDB [datatype]> INSERT INTO point_type(Big_G, Small_G) VALUES(6.67*10^-11,35254249.80);
ERROR 1054 (42S22): Unknown column 'Small_G' in 'field list'
MariaDB [datatype]> CREATE TABLE text_type(Occupation_Person VARCHAR(20),Introduction_Person text,Country_Code CHAR(2));
Query OK, 0 rows affected (0.023 sec)

MariaDB [datatype]> INSERT INTO text_type(Occupation_Person, Introduction_Person, Country_Code) VALUES("Business","Hi Everyone . My name is Sahil Agrawal.","IND");
Query OK, 1 row affected, 1 warning (0.012 sec)

MariaDB [datatype]> CREATE TABLE datetime_type(Todays_Date DATE , Now_Time TIME , TodaysNow_DateTime DATETIME , Current_Actuall TIMESTAMP);
Query OK, 0 rows affected (0.020 sec)

MariaDB [datatype]> INSERT INTO datetime_type(Todays_Date,Now_Time,TodaysNow_DateTime) VALUES("2026:01:24","01:00","2026:01:24 01:00");
Query OK, 1 row affected (0.012 sec)

MariaDB [datatype]>





Microsoft Windows [Version 10.0.26200.7623]
(c) Microsoft Corporation. All rights reserved.

C:\Users\sahil>c d..
'c' is not recognized as an internal or external command,
operable program or batch file.

C:\Users\sahil>cd ..

C:\Users>cd ..

C:\> cd xampp

C:\xampp>cd mysql

C:\xampp\mysql>cd bin

C:\xampp\mysql\bin>mysql -u root -p
Enter password:
Welcome to the MariaDB monitor.  Commands end with ; or \g.
Your MariaDB connection id is 8
Server version: 10.4.32-MariaDB mariadb.org binary distribution

Copyright (c) 2000, 2018, Oracle, MariaDB Corporation Ab and others.

Type 'help;' or '\h' for help. Type '\c' to clear the current input statement.

MariaDB [(none)]> show databases
    -> ;
+--------------------+
| Database           |
+--------------------+
| datatype           |
| information_schema |
| mysql              |
| performance_schema |
| phpmyadmin         |
| test               |
+--------------------+
6 rows in set (0.081 sec)

MariaDB [(none)]> use datatype
Database changed
MariaDB [datatype]> CREATE TABLE bollen_type;
ERROR 1113 (42000): A table must have at least 1 column
MariaDB [datatype]> CREATE TABLE bollen_type(isMarried BOOLEAN);
Query OK, 0 rows affected (0.024 sec)

MariaDB [datatype]> INSERT INTO bollen_type VALUES('False','True',(1),(0));
ERROR 1136 (21S01): Column count doesn't match value count at row 1
MariaDB [datatype]> INSERT INTO bollen_type VALUES('False','True',(1),(0);
ERROR 1064 (42000): You have an error in your SQL syntax; check the manual that corresponds to your MariaDB server version for the right syntax to use near '' at line 1
MariaDB [datatype]> INSERT INTO bollen_type VALUES('False','True',(1),(0));
ERROR 1136 (21S01): Column count doesn't match value count at row 1
MariaDB [datatype]> INSERT INTO bollen_type VALUES('False'),('True'),(1),(0);
Query OK, 4 rows affected, 2 warnings (0.008 sec)
Records: 4  Duplicates: 0  Warnings: 2

MariaDB [datatype]> INSERT INTO bollen_type VALUES(False),(True),(1),(0);
Query OK, 4 rows affected (0.008 sec)
Records: 4  Duplicates: 0  Warnings: 0

MariaDB [datatype]> CREATE TABLE enum_type(courses ENUM('BBA','BCA','BBS'));
ERROR 2006 (HY000): MySQL server has gone away
No connection. Trying to reconnect...
ERROR 2002 (HY000): Can't connect to MySQL server on 'localhost' (10061)
ERROR: Can't connect to the server

unknown [datatype]> CREATE TABLE enum_type(courses ENUM('BBA','BCA','BBS'));
No connection. Trying to reconnect...
Connection id:    8
Current database: datatype

Query OK, 0 rows affected (0.018 sec)

MariaDB [datatype]> CREATE TABLE enum_type(courses ENUM('BBA','BCA','BBS'));
ERROR 1050 (42S01): Table 'enum_type' already exists
MariaDB [datatype]> INSERT INTO enum_type VALUES('BBA'),('BCA'),('BBS');
Query OK, 3 rows affected (0.009 sec)
Records: 3  Duplicates: 0  Warnings: 0

MariaDB [datatype]> CREATE TABLE json_type(settings JSON);
Query OK, 0 rows affected (0.052 sec)
                    INSERT INTO json_type VALUES ('{"name":"SAHIL AGRAWAL","address":"BIRTAMODE"}'),('{"name":"DHAIRYA AGRAWAL","address":"BIRTAMODE"}')
    -> ;
Query OK, 2 rows affected (0.012 sec)
Records: 2  Duplicates: 0  Warnings: 0

MariaDB [datatype]> INSERT INTO json_type VALUES ('{}')
    -> INSERT INTO json_type VALUES ('{}');
ERROR 1064 (42000): You have an error in your SQL syntax; check the manual that corresponds to your MariaDB server version for the right syntax to use near 'INSERT INTO json_type VALUES ('{}')' at line 2
MariaDB [datatype]> INSERT INTO json_type VALUES ('{"isMarried":"FALSE"}');
Query OK, 1 row affected (0.003 sec)

MariaDB [datatype]> DESCRIBE json_type;
+----------+----------+------+-----+---------+-------+
| Field    | Type     | Null | Key | Default | Extra |
+----------+----------+------+-----+---------+-------+
| settings | longtext | YES  |     | NULL    |       |
+----------+----------+------+-----+---------+-------+
1 row in set (0.041 sec)





Microsoft Windows [Version 10.0.26200.7628]
(c) Microsoft Corporation. All rights reserved.

C:\Users\sahil>cd ..

C:\Users>cd ..

C:\>cd xampp

C:\xampp>cd mysql

C:\xampp\mysql>cd bin

C:\xampp\mysql\bin>mysql -u root -p
Enter password:
Welcome to the MariaDB monitor.  Commands end with ; or \g.
Your MariaDB connection id is 8
Server version: 10.4.32-MariaDB mariadb.org binary distribution

Copyright (c) 2000, 2018, Oracle, MariaDB Corporation Ab and others.

Type 'help;' or '\h' for help. Type '\c' to clear the current input statement.

MariaDB [(none)]>
MariaDB [(none)]> show databases
    -> ;
+--------------------+
| Database           |
+--------------------+
| datatype           |
| information_schema |
| mysql              |
| performance_schema |
| phpmyadmin         |
| test               |
+--------------------+
6 rows in set (0.090 sec)

MariaDB [(none)]> USE datatype
Database changed
MariaDB [datatype]> CREATE TABLE autoincrenement_type(id INGTEGER PRIMARY KEY AUTO_INCRENMENT,name VARCHAT(20),date TIMESTAMP DEFAULT CURRENT_TIMESTAMP);
ERROR 1064 (42000): You have an error in your SQL syntax; check the manual that corresponds to your MariaDB server version for the right syntax to use near 'PRIMARY KEY AUTO_INCRENMENT,name VARCHAT(20),date TIMESTAMP DEFAULT CURRENT_T...' at line 1
MariaDB [datatype]> CREATE TABLE autoincrenement_type(id INGTEGER PRIMARY KEY AUTO_INCRENMENT,name VARCHAR(20),date TIMESTAMP DEFAULT CURRENT_TIMESTAMP);
ERROR 1064 (42000): You have an error in your SQL syntax; check the manual that corresponds to your MariaDB server version for the right syntax to use near 'PRIMARY KEY AUTO_INCRENMENT,name VARCHAR(20),date TIMESTAMP DEFAULT CURRENT_T...' at line 1
MariaDB [datatype]> CREATE TABLE autoincrenement_type(id INGTEGER PRIMARY KEY AUTO_INCRENMENT,name VARCHAR(20),date TIMESTAMP DEFAULT CURRENT_TIMESTAMP);
ERROR 1064 (42000): You have an error in your SQL syntax; check the manual that corresponds to your MariaDB server version for the right syntax to use near 'PRIMARY KEY AUTO_INCRENMENT,name VARCHAR(20),date TIMESTAMP DEFAULT CURRENT_T...' at line 1
MariaDB [datatype]> CREATE TABLE autoincrenement_type(id INTEGER PRIMARY KEY AUTO_INCRENMENT,name VARCHAR(20),date TIMESTAMP DEFAULT CURRENT_TIMESTAMP);
ERROR 1064 (42000): You have an error in your SQL syntax; check the manual that corresponds to your MariaDB server version for the right syntax to use near 'name VARCHAR(20),date TIMESTAMP DEFAULT CURRENT_TIMESTAMP)' at line 1
MariaDB [datatype]> CREATE TABLE autoincrenement_type(id INTEGER PRIMARY KEY AUTO_INCREMENT,name VARCHAR(20),date TIMESTAMP DEFAULT CURRENT_TIMESTAMP);
Query OK, 0 rows affected (0.023 sec)

MariaDB [datatype]> INSERT INTO autoincrenement_type(id, name)("SHAIL AGRAWAL");
ERROR 1064 (42000): You have an error in your SQL syntax; check the manual that corresponds to your MariaDB server version for the right syntax to use near '"SHAIL AGRAWAL")' at line 1
MariaDB [datatype]> INSERT INTO autoincrenement_type(name)("SAHIL AGRAWAL");
ERROR 1064 (42000): You have an error in your SQL syntax; check the manual that corresponds to your MariaDB server version for the right syntax to use near '"SAHIL AGRAWAL")' at line 1
MariaDB [datatype]> INSERT INTO autoincrenement_type(name)VALUES("SAHIL AGRAWAL");
Query OK, 1 row affected (0.069 sec)

MariaDB [datatype]> CREATE DATABASE exam;
Query OK, 1 row affected (0.003 sec)

MariaDB [datatype]> USE exam;
Database changed
MariaDB [exam]> CREATE TABLE student(s_id INTEGER PRIMARY KEY AUTO_INCREMENT,s_name VARCHAR(30),s_address VARCHAR(30),admission_date DATE,addmission_time TIME,s_fees FLOAT,s_scholorship DECIMAL(5,3),s_choises ENUM("SCIENCE","COMMERCE","ARTS"),is_Married BOOLEAN,short_name CHAR(2),s_description TEXT,final_data JSON);
Query OK, 0 rows affected (0.023 sec)

MariaDB [exam]> describe student;
+-----------------+-----------------------------------+------+-----+---------+----------------+
| Field           | Type                              | Null | Key | Default | Extra          |
+-----------------+-----------------------------------+------+-----+---------+----------------+
| s_id            | int(11)                           | NO   | PRI | NULL    | auto_increment |
| s_name          | varchar(30)                       | YES  |     | NULL    |                |
| s_address       | varchar(30)                       | YES  |     | NULL    |                |
| admission_date  | date                              | YES  |     | NULL    |                |
| addmission_time | time                              | YES  |     | NULL    |                |
| s_fees          | float                             | YES  |     | NULL    |                |
| s_scholorship   | decimal(5,3)                      | YES  |     | NULL    |                |
| s_choises       | enum('SCIENCE','COMMERCE','ARTS') | YES  |     | NULL    |                |
| is_Married      | tinyint(1)                        | YES  |     | NULL    |                |
| short_name      | char(2)                           | YES  |     | NULL    |                |
| s_description   | text                              | YES  |     | NULL    |                |
| final_data      | longtext                          | YES  |     | NULL    |                |
+-----------------+-----------------------------------+------+-----+---------+----------------+
12 rows in set (0.032 sec)

MariaDB [exam]> INSERT INTO student(s_name,s_address,admission_date,admission_time,s_fees,s_scholorship,s_choises,is_Married,short_name,s_description,final_data) VALUES("SAHIL AGRAWAL","BIRTAMODE-4,JHAPA","2026-01-14","14:44",20000,12323.545,"SCIENCE",0,"SA","HELLO EVERYBODY I AM SAHIL AGRAWAL AND I AM A TEENAGER SO WHAT'S ALL GOOD.LETS GO GEN G.",'{"s_id":"1","s_name":"SAHIL AGRAWAL","s_fees":"20000/MONTH","is_Married":"0","short_name":"SA"}');
ERROR 1054 (42S22): Unknown column 'admission_time' in 'field list'
MariaDB [exam]> INSERT INTO student(s_name,s_address,admission_date,addmission_time,s_fees,s_scholorship,s_choises,is_Married,short_name,s_description,final_data) VALUES("SAHIL AGRAWAL","BIRTAMODE-4,JHAPA","2026-01-14","14:44",20000,12323.545,"SCIENCE",0,"SA","HELLO EVERYBODY I AM SAHIL AGRAWAL AND I AM A TEENAGER SO WHAT'S ALL GOOD.LETS GO GEN G.",'{"s_id":"1","s_name":"SAHIL AGRAWAL","s_fees":"20000/MONTH","is_Married":"0","short_name":"SA"}');
Query OK, 1 row affected, 1 warning (0.008 sec)

MariaDB [exam]> INSERT INTO student(s_scholorship) Values(66666.333)
    -> ;
Query OK, 1 row affected, 1 warning (0.008 sec)

MariaDB [exam]> INSERT INTO student(s_scholorship) Values(66666333);
Query OK, 1 row affected, 1 warning (0.007 sec)

MariaDB [exam]> INSERT INTO student(s_scholorship) Values(267)
    -> ;
Query OK, 1 row affected, 1 warning (0.005 sec)

MariaDB [exam]> INSERT INTO student(s_scholorship) Values(26.465);
Query OK, 1 row affected (0.007 sec)

MariaDB [exam]>






Can't do today somwthing also today.Error it selfd came in the command pannel sod today nothing done.